Archive member included to satisfy reference by file (symbol)

c:/program files (x86)/gnu tools arm embedded/5.3 2016q1/bin/../lib/gcc/arm-none-eabi/5.3.1/armv7-m\libgcc.a(_arm_addsubdf3.o)
                              sonarSensor.o (__aeabi_i2d)
c:/program files (x86)/gnu tools arm embedded/5.3 2016q1/bin/../lib/gcc/arm-none-eabi/5.3.1/armv7-m\libgcc.a(_arm_muldivdf3.o)
                              sonarSensor.o (__aeabi_dmul)
c:/program files (x86)/gnu tools arm embedded/5.3 2016q1/bin/../lib/gcc/arm-none-eabi/5.3.1/armv7-m\libgcc.a(_arm_fixdfsi.o)
                              sonarSensor.o (__aeabi_d2iz)
c:/program files (x86)/gnu tools arm embedded/5.3 2016q1/bin/../lib/gcc/arm-none-eabi/5.3.1/armv7-m\libgcc.a(_aeabi_uldivmod.o)
                              sonarSensor.o (__aeabi_uldivmod)
c:/program files (x86)/gnu tools arm embedded/5.3 2016q1/bin/../lib/gcc/arm-none-eabi/5.3.1/armv7-m\libgcc.a(_udivmoddi4.o)
                              c:/program files (x86)/gnu tools arm embedded/5.3 2016q1/bin/../lib/gcc/arm-none-eabi/5.3.1/armv7-m\libgcc.a(_aeabi_uldivmod.o) (__udivmoddi4)
c:/program files (x86)/gnu tools arm embedded/5.3 2016q1/bin/../lib/gcc/arm-none-eabi/5.3.1/armv7-m\libgcc.a(_dvmd_tls.o)
                              c:/program files (x86)/gnu tools arm embedded/5.3 2016q1/bin/../lib/gcc/arm-none-eabi/5.3.1/armv7-m\libgcc.a(_aeabi_uldivmod.o) (__aeabi_ldiv0)
c:/program files (x86)/gnu tools arm embedded/5.3 2016q1/bin/../lib/gcc/arm-none-eabi/5.3.1/../../../../arm-none-eabi/lib/armv7-m\libc.a(lib_a-memset.o)
                              guardObject.o (memset)

Allocating common symbols
Common symbol       size              file

__dso_handle        0x4               bmptk_cortex.o

Discarded input sections

 .group         0x00000000        0x8 sonarSensor.o
 .group         0x00000000        0x8 sonarSensor.o
 .group         0x00000000        0x8 sonarSensor.o
 .group         0x00000000        0x8 sonarSensor.o
 .group         0x00000000        0x8 sonarSensor.o
 .group         0x00000000        0x8 sonarSensor.o
 .group         0x00000000        0x8 sonarSensor.o
 .group         0x00000000        0x8 sonarSensor.o
 .group         0x00000000        0x8 sonarSensor.o
 .group         0x00000000        0x8 sonarSensor.o
 .group         0x00000000        0x8 sonarSensor.o
 .group         0x00000000        0x8 sonarSensor.o
 .group         0x00000000        0x8 sonarSensor.o
 .group         0x00000000        0x8 sonarSensor.o
 .group         0x00000000        0x8 sonarSensor.o
 .group         0x00000000        0x8 sonarSensor.o
 .group         0x00000000        0x8 sonarSensor.o
 .group         0x00000000        0x8 sonarSensor.o
 .group         0x00000000        0x8 sonarSensor.o
 .group         0x00000000        0x8 sonarSensor.o
 .group         0x00000000        0x8 sonarSensor.o
 .group         0x00000000        0x8 sonarSensor.o
 .text          0x00000000        0x0 sonarSensor.o
 .data          0x00000000        0x0 sonarSensor.o
 .bss           0x00000000        0x0 sonarSensor.o
 .text._ZN5hwlib19_pin_in_dummy_class3getEv
                0x00000000        0x4 sonarSensor.o
 .text._ZN5hwlib20_pin_out_dummy_class3setEb
                0x00000000        0x2 sonarSensor.o
 .text._ZN5hwlib23_pin_in_out_dummy_class3setEb
                0x00000000        0x2 sonarSensor.o
 .text._ZN5hwlib23_pin_in_out_dummy_class3getEv
                0x00000000        0x4 sonarSensor.o
 .text._ZN5hwlib23_pin_in_out_dummy_class19direction_set_inputEv
                0x00000000        0x2 sonarSensor.o
 .text._ZN5hwlib23_pin_in_out_dummy_class20direction_set_outputEv
                0x00000000        0x2 sonarSensor.o
 .text._ZN5hwlib19_pin_oc_dummy_class3setEb
                0x00000000        0x2 sonarSensor.o
 .text._ZN5hwlib19_pin_oc_dummy_class3getEv
                0x00000000        0x4 sonarSensor.o
 .text._ZN5hwlib7ostream5flushEv
                0x00000000        0x2 sonarSensor.o
 .text._ZN5hwlib6window5writeENS_8locationENS_5colorE
                0x00000000       0x3e sonarSensor.o
 .text._ZN5hwlib4line4drawERNS_6windowE
                0x00000000       0xa4 sonarSensor.o
 .text._ZN5hwlib6circle4drawERNS_6windowE
                0x00000000      0x2ec sonarSensor.o
 .text._ZN5hwlib4randEv
                0x00000000       0x20 sonarSensor.o
 .text._ZN5hwlib15random_in_rangeEjj
                0x00000000       0x1a sonarSensor.o
 .text._ZN3due11ad_pin_infoENS_7ad_pinsE
                0x00000000       0x1c sonarSensor.o
 .text._ZN3due11ad_seq_infoEi
                0x00000000       0x20 sonarSensor.o
 .text._ZN3due6now_usEv
                0x00000000       0x78 sonarSensor.o
 .text._ZN5hwlib24uart_putc_bit_banged_pinEcRNS_7pin_outE
                0x00000000       0x5c sonarSensor.o
 .text._ZN5hwlib7wait_nsEi
                0x00000000       0x10 sonarSensor.o
 .text._ZN5hwlib5blinkERNS_7pin_outEi
                0x00000000       0x28 sonarSensor.o
 .text._ZN5hwlib4kittERNS_11port_in_outEi
                0x00000000       0x54 sonarSensor.o
 .text._ZN5hwlib4kittERNS_8port_outEi
                0x00000000       0x4e sonarSensor.o
 .text._ZN5hwlib4kittERNS_7port_ocEi
                0x00000000       0x4e sonarSensor.o
 .text._ZN5hwlib21graphics_random_linesERNS_6windowE
                0x00000000       0xe8 sonarSensor.o
 .text._ZN5hwlib23graphics_random_circlesERNS_6windowE
                0x00000000       0x8c sonarSensor.o
 .text._ZN5hwlib9uart_putcEc
                0x00000000       0x3c sonarSensor.o
 .text._ZN5hwlib20cout_using_uart_putc4putcEc
                0x00000000        0xa sonarSensor.o
 .text._ZN5hwlib6now_usEv
                0x00000000        0x8 sonarSensor.o
 .text._ZN11sonarSensor7TriggerEiib
                0x00000000       0x36 sonarSensor.o
 .rodata._ZTVN5hwlib19_pin_in_dummy_classE
                0x00000000        0xc sonarSensor.o
 .rodata._ZTVN5hwlib20_pin_out_dummy_classE
                0x00000000        0xc sonarSensor.o
 .rodata._ZTVN5hwlib23_pin_in_out_dummy_classE
                0x00000000       0x18 sonarSensor.o
 .rodata._ZTVN5hwlib19_pin_oc_dummy_classE
                0x00000000       0x10 sonarSensor.o
 .rodata._ZTVN5hwlib20cout_using_uart_putcE
                0x00000000       0x10 sonarSensor.o
 .rodata._ZTVN5hwlib4lineE
                0x00000000        0xc sonarSensor.o
 .rodata._ZTVN5hwlib6circleE
                0x00000000        0xc sonarSensor.o
 .bss._ZGVZN5hwlib9uart_putcEcE3pin
                0x00000000        0x4 sonarSensor.o
 .data._ZN5hwlib12pin_in_dummyE
                0x00000000        0x4 sonarSensor.o
 .data._ZN5hwlib16pin_in_out_dummyE
                0x00000000        0x4 sonarSensor.o
 .data._ZN5hwlib12pin_oc_dummyE
                0x00000000        0x4 sonarSensor.o
 .bss._ZZN5hwlib9uart_putcEcE3pin
                0x00000000        0xc sonarSensor.o
 .bss._ZZN5hwlib4randEvE1n
                0x00000000        0x4 sonarSensor.o
 .bss._ZZN3due6now_usEvE8last_low
                0x00000000        0x4 sonarSensor.o
 .rodata._ZZN3due11ad_pin_infoENS_7ad_pinsEE17ad_pin_info_array
                0x00000000        0xc sonarSensor.o
 .data._ZN5hwlib4coutE
                0x00000000       0x14 sonarSensor.o
 .bss._ZZN3due6now_usEvE4high
                0x00000000        0x8 sonarSensor.o
 .rodata._ZZN3due11ad_seq_infoEiE12ad_seq_array
                0x00000000       0x70 sonarSensor.o
 .data._ZN5hwlib13pin_out_dummyE
                0x00000000        0x4 sonarSensor.o
 .bss._ZZN3due6now_usEvE9init_done
                0x00000000        0x1 sonarSensor.o
 .group         0x00000000        0x8 guardObject.o
 .group         0x00000000        0x8 guardObject.o
 .group         0x00000000        0x8 guardObject.o
 .group         0x00000000        0x8 guardObject.o
 .group         0x00000000        0x8 guardObject.o
 .group         0x00000000        0x8 guardObject.o
 .group         0x00000000        0x8 guardObject.o
 .group         0x00000000        0x8 guardObject.o
 .group         0x00000000        0x8 guardObject.o
 .group         0x00000000        0x8 guardObject.o
 .group         0x00000000        0x8 guardObject.o
 .group         0x00000000        0x8 guardObject.o
 .group         0x00000000        0x8 guardObject.o
 .group         0x00000000        0x8 guardObject.o
 .group         0x00000000        0x8 guardObject.o
 .group         0x00000000        0x8 guardObject.o
 .group         0x00000000        0x8 guardObject.o
 .group         0x00000000        0x8 guardObject.o
 .group         0x00000000        0x8 guardObject.o
 .group         0x00000000        0x8 guardObject.o
 .group         0x00000000        0x8 guardObject.o
 .group         0x00000000        0x8 guardObject.o
 .text          0x00000000        0x0 guardObject.o
 .data          0x00000000        0x0 guardObject.o
 .bss           0x00000000        0x0 guardObject.o
 .text._ZN5hwlib19_pin_in_dummy_class3getEv
                0x00000000        0x4 guardObject.o
 .text._ZN5hwlib20_pin_out_dummy_class3setEb
                0x00000000        0x2 guardObject.o
 .text._ZN5hwlib23_pin_in_out_dummy_class3setEb
                0x00000000        0x2 guardObject.o
 .text._ZN5hwlib23_pin_in_out_dummy_class3getEv
                0x00000000        0x4 guardObject.o
 .text._ZN5hwlib23_pin_in_out_dummy_class19direction_set_inputEv
                0x00000000        0x2 guardObject.o
 .text._ZN5hwlib23_pin_in_out_dummy_class20direction_set_outputEv
                0x00000000        0x2 guardObject.o
 .text._ZN5hwlib19_pin_oc_dummy_class3setEb
                0x00000000        0x2 guardObject.o
 .text._ZN5hwlib19_pin_oc_dummy_class3getEv
                0x00000000        0x4 guardObject.o
 .text._ZN5hwlib7ostream5flushEv
                0x00000000        0x2 guardObject.o
 .text._ZN3due7pin_out3setEb
                0x00000000        0xe guardObject.o
 .text._ZN5hwlib6window5writeENS_8locationENS_5colorE
                0x00000000       0x3e guardObject.o
 .text._ZN5hwlib4line4drawERNS_6windowE
                0x00000000       0xa4 guardObject.o
 .text._ZN5hwlib6circle4drawERNS_6windowE
                0x00000000      0x2ec guardObject.o
 .text._ZN5hwlib4randEv
                0x00000000       0x20 guardObject.o
 .text._ZN5hwlib15random_in_rangeEjj
                0x00000000       0x1a guardObject.o
 .text._ZN3due8pin_infoENS_4pinsE
                0x00000000       0x20 guardObject.o
 .text._ZN3due11ad_pin_infoENS_7ad_pinsE
                0x00000000       0x1c guardObject.o
 .text._ZN3due11ad_seq_infoEi
                0x00000000       0x20 guardObject.o
 .text._ZN3due14port_registersEi
                0x00000000       0x48 guardObject.o
 .text._ZN3due6now_usEv
                0x00000000       0x78 guardObject.o
 .text._ZN5hwlib7wait_usEi
                0x00000000       0x28 guardObject.o
 .text._ZN5hwlib24uart_putc_bit_banged_pinEcRNS_7pin_outE
                0x00000000       0x5c guardObject.o
 .text._ZN5hwlib7wait_nsEi
                0x00000000       0x10 guardObject.o
 .text._ZN5hwlib7wait_msEi
                0x00000000       0x16 guardObject.o
 .text._ZN5hwlib5blinkERNS_7pin_outEi
                0x00000000       0x28 guardObject.o
 .text._ZN5hwlib4kittERNS_11port_in_outEi
                0x00000000       0x54 guardObject.o
 .text._ZN5hwlib4kittERNS_8port_outEi
                0x00000000       0x4e guardObject.o
 .text._ZN5hwlib4kittERNS_7port_ocEi
                0x00000000       0x4e guardObject.o
 .text._ZN5hwlib21graphics_random_linesERNS_6windowE
                0x00000000       0xe8 guardObject.o
 .text._ZN5hwlib23graphics_random_circlesERNS_6windowE
                0x00000000       0x8c guardObject.o
 .text._ZN5hwlib9uart_putcEc
                0x00000000       0x3c guardObject.o
 .text._ZN5hwlib20cout_using_uart_putc4putcEc
                0x00000000        0xa guardObject.o
 .text._ZN5hwlib6now_usEv
                0x00000000        0x8 guardObject.o
 .text._ZN11GuardObjectC2ER11sonarSensorR9lcdScreeni
                0x00000000        0x8 guardObject.o
 .text._ZN11GuardObject14ItemStolenTextEv
                0x00000000      0x16a guardObject.o
 .text._ZN11GuardObject14ItemSecureTextEv
                0x00000000      0x186 guardObject.o
 .text._ZN11GuardObject5GuardEv
                0x00000000       0x48 guardObject.o
 .rodata._ZTVN5hwlib19_pin_in_dummy_classE
                0x00000000        0xc guardObject.o
 .rodata._ZTVN5hwlib20_pin_out_dummy_classE
                0x00000000        0xc guardObject.o
 .rodata._ZTVN5hwlib23_pin_in_out_dummy_classE
                0x00000000       0x18 guardObject.o
 .rodata._ZTVN5hwlib19_pin_oc_dummy_classE
                0x00000000       0x10 guardObject.o
 .rodata._ZTVN5hwlib20cout_using_uart_putcE
                0x00000000       0x10 guardObject.o
 .rodata._ZTVN5hwlib4lineE
                0x00000000        0xc guardObject.o
 .rodata._ZTVN5hwlib6circleE
                0x00000000        0xc guardObject.o
 .rodata._ZTVN3due7pin_outE
                0x00000000        0xc guardObject.o
 .bss._ZGVZN5hwlib9uart_putcEcE3pin
                0x00000000        0x4 guardObject.o
 .data._ZN5hwlib12pin_in_dummyE
                0x00000000        0x4 guardObject.o
 .data._ZN5hwlib16pin_in_out_dummyE
                0x00000000        0x4 guardObject.o
 .data._ZN5hwlib12pin_oc_dummyE
                0x00000000        0x4 guardObject.o
 .bss._ZZN5hwlib9uart_putcEcE3pin
                0x00000000        0xc guardObject.o
 .bss._ZZN5hwlib4randEvE1n
                0x00000000        0x4 guardObject.o
 .bss._ZZN3due6now_usEvE8last_low
                0x00000000        0x4 guardObject.o
 .rodata.str1.1
                0x00000000       0x17 guardObject.o
 .rodata._ZZN3due11ad_pin_infoENS_7ad_pinsEE17ad_pin_info_array
                0x00000000        0xc guardObject.o
 .data._ZN5hwlib4coutE
                0x00000000       0x14 guardObject.o
 .bss._ZZN3due6now_usEvE4high
                0x00000000        0x8 guardObject.o
 .rodata._ZZN3due8pin_infoENS_4pinsEE14pin_info_array
                0x00000000       0xa4 guardObject.o
 .rodata._ZZN3due11ad_seq_infoEiE12ad_seq_array
                0x00000000       0x70 guardObject.o
 .data._ZN5hwlib13pin_out_dummyE
                0x00000000        0x4 guardObject.o
 .bss._ZZN3due6now_usEvE9init_done
                0x00000000        0x1 guardObject.o
 .group         0x00000000        0x8 lcdScreen.o
 .group         0x00000000        0x8 lcdScreen.o
 .group         0x00000000        0x8 lcdScreen.o
 .group         0x00000000        0x8 lcdScreen.o
 .group         0x00000000        0x8 lcdScreen.o
 .group         0x00000000        0x8 lcdScreen.o
 .group         0x00000000        0x8 lcdScreen.o
 .group         0x00000000        0x8 lcdScreen.o
 .group         0x00000000        0x8 lcdScreen.o
 .group         0x00000000        0x8 lcdScreen.o
 .group         0x00000000        0x8 lcdScreen.o
 .group         0x00000000        0x8 lcdScreen.o
 .group         0x00000000        0x8 lcdScreen.o
 .group         0x00000000        0x8 lcdScreen.o
 .group         0x00000000        0x8 lcdScreen.o
 .group         0x00000000        0x8 lcdScreen.o
 .group         0x00000000        0x8 lcdScreen.o
 .group         0x00000000        0x8 lcdScreen.o
 .group         0x00000000        0x8 lcdScreen.o
 .group         0x00000000        0x8 lcdScreen.o
 .group         0x00000000        0x8 lcdScreen.o
 .group         0x00000000        0x8 lcdScreen.o
 .text          0x00000000        0x0 lcdScreen.o
 .data          0x00000000        0x0 lcdScreen.o
 .bss           0x00000000        0x0 lcdScreen.o
 .text._ZN5hwlib19_pin_in_dummy_class3getEv
                0x00000000        0x4 lcdScreen.o
 .text._ZN5hwlib20_pin_out_dummy_class3setEb
                0x00000000        0x2 lcdScreen.o
 .text._ZN5hwlib23_pin_in_out_dummy_class3setEb
                0x00000000        0x2 lcdScreen.o
 .text._ZN5hwlib23_pin_in_out_dummy_class3getEv
                0x00000000        0x4 lcdScreen.o
 .text._ZN5hwlib23_pin_in_out_dummy_class19direction_set_inputEv
                0x00000000        0x2 lcdScreen.o
 .text._ZN5hwlib23_pin_in_out_dummy_class20direction_set_outputEv
                0x00000000        0x2 lcdScreen.o
 .text._ZN5hwlib19_pin_oc_dummy_class3setEb
                0x00000000        0x2 lcdScreen.o
 .text._ZN5hwlib19_pin_oc_dummy_class3getEv
                0x00000000        0x4 lcdScreen.o
 .text._ZN5hwlib7ostream5flushEv
                0x00000000        0x2 lcdScreen.o
 .text._ZN3due7pin_out3setEb
                0x00000000        0xe lcdScreen.o
 .text._ZN5hwlib6window5writeENS_8locationENS_5colorE
                0x00000000       0x3e lcdScreen.o
 .text._ZN5hwlib4line4drawERNS_6windowE
                0x00000000       0xa4 lcdScreen.o
 .text._ZN5hwlib6circle4drawERNS_6windowE
                0x00000000      0x2ec lcdScreen.o
 .text._ZN5hwlib4randEv
                0x00000000       0x20 lcdScreen.o
 .text._ZN5hwlib15random_in_rangeEjj
                0x00000000       0x1a lcdScreen.o
 .text._ZN3due8pin_infoENS_4pinsE
                0x00000000       0x20 lcdScreen.o
 .text._ZN3due11ad_pin_infoENS_7ad_pinsE
                0x00000000       0x1c lcdScreen.o
 .text._ZN3due11ad_seq_infoEi
                0x00000000       0x20 lcdScreen.o
 .text._ZN3due14port_registersEi
                0x00000000       0x48 lcdScreen.o
 .text._ZN3due6now_usEv
                0x00000000       0x78 lcdScreen.o
 .text._ZN5hwlib7wait_usEi
                0x00000000       0x28 lcdScreen.o
 .text._ZN5hwlib24uart_putc_bit_banged_pinEcRNS_7pin_outE
                0x00000000       0x5c lcdScreen.o
 .text._ZN5hwlib7wait_nsEi
                0x00000000       0x10 lcdScreen.o
 .text._ZN5hwlib7wait_msEi
                0x00000000       0x16 lcdScreen.o
 .text._ZN5hwlib5blinkERNS_7pin_outEi
                0x00000000       0x28 lcdScreen.o
 .text._ZN5hwlib4kittERNS_11port_in_outEi
                0x00000000       0x54 lcdScreen.o
 .text._ZN5hwlib4kittERNS_8port_outEi
                0x00000000       0x4e lcdScreen.o
 .text._ZN5hwlib4kittERNS_7port_ocEi
                0x00000000       0x4e lcdScreen.o
 .text._ZN5hwlib21graphics_random_linesERNS_6windowE
                0x00000000       0xe8 lcdScreen.o
 .text._ZN5hwlib23graphics_random_circlesERNS_6windowE
                0x00000000       0x8c lcdScreen.o
 .text._ZN5hwlib9uart_putcEc
                0x00000000       0x3c lcdScreen.o
 .text._ZN5hwlib20cout_using_uart_putc4putcEc
                0x00000000        0xa lcdScreen.o
 .text._ZN5hwlib6now_usEv
                0x00000000        0x8 lcdScreen.o
 .text._ZN9lcdScreen4drawEPA84_ii
                0x00000000       0x74 lcdScreen.o
 .rodata._ZTVN5hwlib19_pin_in_dummy_classE
                0x00000000        0xc lcdScreen.o
 .rodata._ZTVN5hwlib20_pin_out_dummy_classE
                0x00000000        0xc lcdScreen.o
 .rodata._ZTVN5hwlib23_pin_in_out_dummy_classE
                0x00000000       0x18 lcdScreen.o
 .rodata._ZTVN5hwlib19_pin_oc_dummy_classE
                0x00000000       0x10 lcdScreen.o
 .rodata._ZTVN5hwlib20cout_using_uart_putcE
                0x00000000       0x10 lcdScreen.o
 .rodata._ZTVN5hwlib4lineE
                0x00000000        0xc lcdScreen.o
 .rodata._ZTVN5hwlib6circleE
                0x00000000        0xc lcdScreen.o
 .rodata._ZTVN3due7pin_outE
                0x00000000        0xc lcdScreen.o
 .data._ZN5hwlib12pin_in_dummyE
                0x00000000        0x4 lcdScreen.o
 .data._ZN5hwlib16pin_in_out_dummyE
                0x00000000        0x4 lcdScreen.o
 .data._ZN5hwlib12pin_oc_dummyE
                0x00000000        0x4 lcdScreen.o
 .bss._ZZN5hwlib9uart_putcEcE3pin
                0x00000000        0xc lcdScreen.o
 .bss._ZZN5hwlib4randEvE1n
                0x00000000        0x4 lcdScreen.o
 .bss._ZZN3due6now_usEvE8last_low
                0x00000000        0x4 lcdScreen.o
 .rodata.str1.1
                0x00000000       0x17 lcdScreen.o
 .rodata._ZZN3due11ad_pin_infoENS_7ad_pinsEE17ad_pin_info_array
                0x00000000        0xc lcdScreen.o
 .data._ZN5hwlib4coutE
                0x00000000       0x14 lcdScreen.o
 .bss._ZGVZN5hwlib9uart_putcEcE3pin
                0x00000000        0x4 lcdScreen.o
 .bss._ZZN3due6now_usEvE4high
                0x00000000        0x8 lcdScreen.o
 .rodata._ZZN3due8pin_infoENS_4pinsEE14pin_info_array
                0x00000000       0xa4 lcdScreen.o
 .rodata._ZZN3due11ad_seq_infoEiE12ad_seq_array
                0x00000000       0x70 lcdScreen.o
 .data._ZN5hwlib13pin_out_dummyE
                0x00000000        0x4 lcdScreen.o
 .bss._ZZN3due6now_usEvE9init_done
                0x00000000        0x1 lcdScreen.o
 .group         0x00000000        0x8 distanceMeter.o
 .group         0x00000000        0x8 distanceMeter.o
 .group         0x00000000        0x8 distanceMeter.o
 .group         0x00000000        0x8 distanceMeter.o
 .group         0x00000000        0x8 distanceMeter.o
 .group         0x00000000        0x8 distanceMeter.o
 .group         0x00000000        0x8 distanceMeter.o
 .group         0x00000000        0x8 distanceMeter.o
 .group         0x00000000        0x8 distanceMeter.o
 .group         0x00000000        0x8 distanceMeter.o
 .group         0x00000000        0x8 distanceMeter.o
 .group         0x00000000        0x8 distanceMeter.o
 .group         0x00000000        0x8 distanceMeter.o
 .group         0x00000000        0x8 distanceMeter.o
 .group         0x00000000        0x8 distanceMeter.o
 .group         0x00000000        0x8 distanceMeter.o
 .group         0x00000000        0x8 distanceMeter.o
 .group         0x00000000        0x8 distanceMeter.o
 .group         0x00000000        0x8 distanceMeter.o
 .group         0x00000000        0x8 distanceMeter.o
 .group         0x00000000        0x8 distanceMeter.o
 .group         0x00000000        0x8 distanceMeter.o
 .text          0x00000000        0x0 distanceMeter.o
 .data          0x00000000        0x0 distanceMeter.o
 .bss           0x00000000        0x0 distanceMeter.o
 .text._ZN5hwlib19_pin_in_dummy_class3getEv
                0x00000000        0x4 distanceMeter.o
 .text._ZN5hwlib20_pin_out_dummy_class3setEb
                0x00000000        0x2 distanceMeter.o
 .text._ZN5hwlib23_pin_in_out_dummy_class3setEb
                0x00000000        0x2 distanceMeter.o
 .text._ZN5hwlib23_pin_in_out_dummy_class3getEv
                0x00000000        0x4 distanceMeter.o
 .text._ZN5hwlib23_pin_in_out_dummy_class19direction_set_inputEv
                0x00000000        0x2 distanceMeter.o
 .text._ZN5hwlib23_pin_in_out_dummy_class20direction_set_outputEv
                0x00000000        0x2 distanceMeter.o
 .text._ZN5hwlib19_pin_oc_dummy_class3setEb
                0x00000000        0x2 distanceMeter.o
 .text._ZN5hwlib19_pin_oc_dummy_class3getEv
                0x00000000        0x4 distanceMeter.o
 .text._ZN5hwlib7ostream5flushEv
                0x00000000        0x2 distanceMeter.o
 .text._ZN3due7pin_out3setEb
                0x00000000        0xe distanceMeter.o
 .text._ZN5hwlib6window5writeENS_8locationENS_5colorE
                0x00000000       0x3e distanceMeter.o
 .text._ZN5hwlib4line4drawERNS_6windowE
                0x00000000       0xa4 distanceMeter.o
 .text._ZN5hwlib6circle4drawERNS_6windowE
                0x00000000      0x2ec distanceMeter.o
 .text._ZN5hwlib4randEv
                0x00000000       0x20 distanceMeter.o
 .text._ZN5hwlib15random_in_rangeEjj
                0x00000000       0x1a distanceMeter.o
 .text._ZN3due8pin_infoENS_4pinsE
                0x00000000       0x20 distanceMeter.o
 .text._ZN3due11ad_pin_infoENS_7ad_pinsE
                0x00000000       0x1c distanceMeter.o
 .text._ZN3due11ad_seq_infoEi
                0x00000000       0x20 distanceMeter.o
 .text._ZN3due14port_registersEi
                0x00000000       0x48 distanceMeter.o
 .text._ZN3due6now_usEv
                0x00000000       0x78 distanceMeter.o
 .text._ZN5hwlib7wait_usEi
                0x00000000       0x28 distanceMeter.o
 .text._ZN5hwlib24uart_putc_bit_banged_pinEcRNS_7pin_outE
                0x00000000       0x5c distanceMeter.o
 .text._ZN5hwlib7wait_nsEi
                0x00000000       0x10 distanceMeter.o
 .text._ZN5hwlib7wait_msEi
                0x00000000       0x16 distanceMeter.o
 .text._ZN5hwlib5blinkERNS_7pin_outEi
                0x00000000       0x28 distanceMeter.o
 .text._ZN5hwlib4kittERNS_11port_in_outEi
                0x00000000       0x54 distanceMeter.o
 .text._ZN5hwlib4kittERNS_8port_outEi
                0x00000000       0x4e distanceMeter.o
 .text._ZN5hwlib4kittERNS_7port_ocEi
                0x00000000       0x4e distanceMeter.o
 .text._ZN5hwlib21graphics_random_linesERNS_6windowE
                0x00000000       0xe8 distanceMeter.o
 .text._ZN5hwlib23graphics_random_circlesERNS_6windowE
                0x00000000       0x8c distanceMeter.o
 .text._ZN5hwlib9uart_putcEc
                0x00000000       0x3c distanceMeter.o
 .text._ZN5hwlib20cout_using_uart_putc4putcEc
                0x00000000        0xa distanceMeter.o
 .text._ZN5hwlib6now_usEv
                0x00000000        0x8 distanceMeter.o
 .text._ZN13distanceMeterC2ER11sonarSensorR9lcdScreenRN3due6pin_inE
                0x00000000        0x8 distanceMeter.o
 .text._ZN13distanceMeter13NmbrSeparatorEiRiS0_S0_S0_S0_S0_S0_
                0x00000000       0xb4 distanceMeter.o
 .text._ZN13distanceMeter13HardCodedTextEv
                0x00000000      0x186 distanceMeter.o
 .text._ZN13distanceMeter11MeasureDistEb
                0x00000000      0x828 distanceMeter.o
 .rodata._ZTVN5hwlib19_pin_in_dummy_classE
                0x00000000        0xc distanceMeter.o
 .rodata._ZTVN5hwlib20_pin_out_dummy_classE
                0x00000000        0xc distanceMeter.o
 .rodata._ZTVN5hwlib23_pin_in_out_dummy_classE
                0x00000000       0x18 distanceMeter.o
 .rodata._ZTVN5hwlib19_pin_oc_dummy_classE
                0x00000000       0x10 distanceMeter.o
 .rodata._ZTVN5hwlib20cout_using_uart_putcE
                0x00000000       0x10 distanceMeter.o
 .rodata._ZTVN5hwlib4lineE
                0x00000000        0xc distanceMeter.o
 .rodata._ZTVN5hwlib6circleE
                0x00000000        0xc distanceMeter.o
 .rodata._ZTVN3due7pin_outE
                0x00000000        0xc distanceMeter.o
 .rodata        0x00000000       0x30 distanceMeter.o
 .data._ZN5hwlib12pin_in_dummyE
                0x00000000        0x4 distanceMeter.o
 .data._ZN5hwlib16pin_in_out_dummyE
                0x00000000        0x4 distanceMeter.o
 .data._ZN5hwlib12pin_oc_dummyE
                0x00000000        0x4 distanceMeter.o
 .bss._ZZN5hwlib9uart_putcEcE3pin
                0x00000000        0xc distanceMeter.o
 .bss._ZZN5hwlib4randEvE1n
                0x00000000        0x4 distanceMeter.o
 .bss._ZZN3due6now_usEvE8last_low
                0x00000000        0x4 distanceMeter.o
 .rodata.str1.1
                0x00000000       0x17 distanceMeter.o
 .rodata._ZZN3due11ad_pin_infoENS_7ad_pinsEE17ad_pin_info_array
                0x00000000        0xc distanceMeter.o
 .data._ZN5hwlib4coutE
                0x00000000       0x14 distanceMeter.o
 .bss._ZGVZN5hwlib9uart_putcEcE3pin
                0x00000000        0x4 distanceMeter.o
 .bss._ZZN3due6now_usEvE4high
                0x00000000        0x8 distanceMeter.o
 .rodata._ZZN3due8pin_infoENS_4pinsEE14pin_info_array
                0x00000000       0xa4 distanceMeter.o
 .rodata._ZZN3due11ad_seq_infoEiE12ad_seq_array
                0x00000000       0x70 distanceMeter.o
 .data._ZN5hwlib13pin_out_dummyE
                0x00000000        0x4 distanceMeter.o
 .bss._ZZN3due6now_usEvE9init_done
                0x00000000        0x1 distanceMeter.o
 .text          0x00000000        0x0 distanceSensors.o
 .data          0x00000000        0x0 distanceSensors.o
 .bss           0x00000000        0x0 distanceSensors.o
 .group         0x00000000        0x8 Radar.o
 .group         0x00000000        0x8 Radar.o
 .group         0x00000000        0x8 Radar.o
 .group         0x00000000        0x8 Radar.o
 .group         0x00000000        0x8 Radar.o
 .group         0x00000000        0x8 Radar.o
 .group         0x00000000        0x8 Radar.o
 .group         0x00000000        0x8 Radar.o
 .group         0x00000000        0x8 Radar.o
 .group         0x00000000        0x8 Radar.o
 .group         0x00000000        0x8 Radar.o
 .group         0x00000000        0x8 Radar.o
 .group         0x00000000        0x8 Radar.o
 .group         0x00000000        0x8 Radar.o
 .group         0x00000000        0x8 Radar.o
 .group         0x00000000        0x8 Radar.o
 .group         0x00000000        0x8 Radar.o
 .group         0x00000000        0x8 Radar.o
 .group         0x00000000        0x8 Radar.o
 .group         0x00000000        0x8 Radar.o
 .group         0x00000000        0x8 Radar.o
 .group         0x00000000        0x8 Radar.o
 .text          0x00000000        0x0 Radar.o
 .data          0x00000000        0x0 Radar.o
 .bss           0x00000000        0x0 Radar.o
 .text._ZN5hwlib19_pin_in_dummy_class3getEv
                0x00000000        0x4 Radar.o
 .text._ZN5hwlib20_pin_out_dummy_class3setEb
                0x00000000        0x2 Radar.o
 .text._ZN5hwlib23_pin_in_out_dummy_class3setEb
                0x00000000        0x2 Radar.o
 .text._ZN5hwlib23_pin_in_out_dummy_class3getEv
                0x00000000        0x4 Radar.o
 .text._ZN5hwlib23_pin_in_out_dummy_class19direction_set_inputEv
                0x00000000        0x2 Radar.o
 .text._ZN5hwlib23_pin_in_out_dummy_class20direction_set_outputEv
                0x00000000        0x2 Radar.o
 .text._ZN5hwlib19_pin_oc_dummy_class3setEb
                0x00000000        0x2 Radar.o
 .text._ZN5hwlib19_pin_oc_dummy_class3getEv
                0x00000000        0x4 Radar.o
 .text._ZN5hwlib7ostream5flushEv
                0x00000000        0x2 Radar.o
 .text._ZN3due7pin_out3setEb
                0x00000000        0xe Radar.o
 .text._ZN5hwlib6window5writeENS_8locationENS_5colorE
                0x00000000       0x3e Radar.o
 .text._ZN5hwlib4line4drawERNS_6windowE
                0x00000000       0xa4 Radar.o
 .text._ZN5hwlib6circle4drawERNS_6windowE
                0x00000000      0x2ec Radar.o
 .text._ZN5hwlib4randEv
                0x00000000       0x20 Radar.o
 .text._ZN5hwlib15random_in_rangeEjj
                0x00000000       0x1a Radar.o
 .text._ZN3due8pin_infoENS_4pinsE
                0x00000000       0x20 Radar.o
 .text._ZN3due11ad_pin_infoENS_7ad_pinsE
                0x00000000       0x1c Radar.o
 .text._ZN3due11ad_seq_infoEi
                0x00000000       0x20 Radar.o
 .text._ZN3due14port_registersEi
                0x00000000       0x48 Radar.o
 .text._ZN3due6now_usEv
                0x00000000       0x78 Radar.o
 .text._ZN5hwlib7wait_usEi
                0x00000000       0x28 Radar.o
 .text._ZN5hwlib24uart_putc_bit_banged_pinEcRNS_7pin_outE
                0x00000000       0x5c Radar.o
 .text._ZN5hwlib7wait_nsEi
                0x00000000       0x10 Radar.o
 .text._ZN5hwlib7wait_msEi
                0x00000000       0x16 Radar.o
 .text._ZN5hwlib5blinkERNS_7pin_outEi
                0x00000000       0x28 Radar.o
 .text._ZN5hwlib4kittERNS_11port_in_outEi
                0x00000000       0x54 Radar.o
 .text._ZN5hwlib4kittERNS_8port_outEi
                0x00000000       0x4e Radar.o
 .text._ZN5hwlib4kittERNS_7port_ocEi
                0x00000000       0x4e Radar.o
 .text._ZN5hwlib21graphics_random_linesERNS_6windowE
                0x00000000       0xe8 Radar.o
 .text._ZN5hwlib23graphics_random_circlesERNS_6windowE
                0x00000000       0x8c Radar.o
 .text._ZN5hwlib9uart_putcEc
                0x00000000       0x3c Radar.o
 .text._ZN5hwlib20cout_using_uart_putc4putcEc
                0x00000000        0xa Radar.o
 .text._ZN5hwlib6now_usEv
                0x00000000        0x8 Radar.o
 .rodata._ZTVN5hwlib19_pin_in_dummy_classE
                0x00000000        0xc Radar.o
 .rodata._ZTVN5hwlib20_pin_out_dummy_classE
                0x00000000        0xc Radar.o
 .rodata._ZTVN5hwlib23_pin_in_out_dummy_classE
                0x00000000       0x18 Radar.o
 .rodata._ZTVN5hwlib19_pin_oc_dummy_classE
                0x00000000       0x10 Radar.o
 .rodata._ZTVN5hwlib20cout_using_uart_putcE
                0x00000000       0x10 Radar.o
 .rodata._ZTVN5hwlib4lineE
                0x00000000        0xc Radar.o
 .rodata._ZTVN5hwlib6circleE
                0x00000000        0xc Radar.o
 .rodata._ZTVN3due7pin_outE
                0x00000000        0xc Radar.o
 .bss._ZGVZN5hwlib9uart_putcEcE3pin
                0x00000000        0x4 Radar.o
 .data._ZN5hwlib12pin_in_dummyE
                0x00000000        0x4 Radar.o
 .data._ZN5hwlib16pin_in_out_dummyE
                0x00000000        0x4 Radar.o
 .data._ZN5hwlib12pin_oc_dummyE
                0x00000000        0x4 Radar.o
 .bss._ZZN5hwlib9uart_putcEcE3pin
                0x00000000        0xc Radar.o
 .bss._ZZN5hwlib4randEvE1n
                0x00000000        0x4 Radar.o
 .bss._ZZN3due6now_usEvE8last_low
                0x00000000        0x4 Radar.o
 .rodata.str1.1
                0x00000000       0x17 Radar.o
 .rodata._ZZN3due11ad_pin_infoENS_7ad_pinsEE17ad_pin_info_array
                0x00000000        0xc Radar.o
 .data._ZN5hwlib4coutE
                0x00000000       0x14 Radar.o
 .bss._ZZN3due6now_usEvE4high
                0x00000000        0x8 Radar.o
 .rodata._ZZN3due8pin_infoENS_4pinsEE14pin_info_array
                0x00000000       0xa4 Radar.o
 .rodata._ZZN3due11ad_seq_infoEiE12ad_seq_array
                0x00000000       0x70 Radar.o
 .data._ZN5hwlib13pin_out_dummyE
                0x00000000        0x4 Radar.o
 .bss._ZZN3due6now_usEvE9init_done
                0x00000000        0x1 Radar.o
 .group         0x00000000        0x8 main.o
 .group         0x00000000        0x8 main.o
 .group         0x00000000        0x8 main.o
 .group         0x00000000        0x8 main.o
 .group         0x00000000        0x8 main.o
 .group         0x00000000        0x8 main.o
 .group         0x00000000        0x8 main.o
 .group         0x00000000        0x8 main.o
 .group         0x00000000        0x8 main.o
 .group         0x00000000        0x8 main.o
 .group         0x00000000        0x8 main.o
 .group         0x00000000        0x8 main.o
 .group         0x00000000        0x8 main.o
 .group         0x00000000        0x8 main.o
 .group         0x00000000        0x8 main.o
 .group         0x00000000        0x8 main.o
 .group         0x00000000        0x8 main.o
 .group         0x00000000        0x8 main.o
 .group         0x00000000        0x8 main.o
 .group         0x00000000        0x8 main.o
 .group         0x00000000        0x8 main.o
 .group         0x00000000        0x8 main.o
 .group         0x00000000        0x8 main.o
 .group         0x00000000        0x8 main.o
 .group         0x00000000        0x8 main.o
 .group         0x00000000        0x8 main.o
 .text          0x00000000        0x0 main.o
 .data          0x00000000        0x0 main.o
 .bss           0x00000000        0x0 main.o
 .text._ZN5hwlib19_pin_in_dummy_class3getEv
                0x00000000        0x4 main.o
 .text._ZN5hwlib20_pin_out_dummy_class3setEb
                0x00000000        0x2 main.o
 .text._ZN5hwlib23_pin_in_out_dummy_class3setEb
                0x00000000        0x2 main.o
 .text._ZN5hwlib23_pin_in_out_dummy_class3getEv
                0x00000000        0x4 main.o
 .text._ZN5hwlib23_pin_in_out_dummy_class19direction_set_inputEv
                0x00000000        0x2 main.o
 .text._ZN5hwlib23_pin_in_out_dummy_class20direction_set_outputEv
                0x00000000        0x2 main.o
 .text._ZN5hwlib19_pin_oc_dummy_class3setEb
                0x00000000        0x2 main.o
 .text._ZN5hwlib19_pin_oc_dummy_class3getEv
                0x00000000        0x4 main.o
 .text._ZN5hwlib7ostream5flushEv
                0x00000000        0x2 main.o
 .text._ZN3due7pin_out3setEb
                0x00000000        0xe main.o
 .text._ZN5hwlib6window5writeENS_8locationENS_5colorE
                0x00000000       0x3e main.o
 .text._ZN5hwlib4line4drawERNS_6windowE
                0x00000000       0xa4 main.o
 .text._ZN5hwlib6circle4drawERNS_6windowE
                0x00000000      0x2ec main.o
 .text._ZN5hwlib4randEv
                0x00000000       0x20 main.o
 .text._ZN5hwlib15random_in_rangeEjj
                0x00000000       0x1a main.o
 .text._ZN3due8pin_infoENS_4pinsE
                0x00000000       0x20 main.o
 .text._ZN3due11ad_pin_infoENS_7ad_pinsE
                0x00000000       0x1c main.o
 .text._ZN3due11ad_seq_infoEi
                0x00000000       0x20 main.o
 .text._ZN3due14port_registersEi
                0x00000000       0x48 main.o
 .text._ZN3due6now_usEv
                0x00000000       0x78 main.o
 .text._ZN5hwlib7wait_usEi
                0x00000000       0x28 main.o
 .text._ZN5hwlib24uart_putc_bit_banged_pinEcRNS_7pin_outE
                0x00000000       0x5c main.o
 .text._ZN5hwlib7wait_nsEi
                0x00000000       0x10 main.o
 .text._ZN5hwlib7wait_msEi
                0x00000000       0x16 main.o
 .text._ZN5hwlib5blinkERNS_7pin_outEi
                0x00000000       0x28 main.o
 .text._ZN5hwlib4kittERNS_11port_in_outEi
                0x00000000       0x54 main.o
 .text._ZN5hwlib4kittERNS_8port_outEi
                0x00000000       0x4e main.o
 .text._ZN5hwlib4kittERNS_7port_ocEi
                0x00000000       0x4e main.o
 .text._ZN5hwlib21graphics_random_linesERNS_6windowE
                0x00000000       0xe8 main.o
 .text._ZN5hwlib23graphics_random_circlesERNS_6windowE
                0x00000000       0x8c main.o
 .text._ZN5hwlib9uart_putcEc
                0x00000000       0x3c main.o
 .text._ZN5hwlib20cout_using_uart_putc4putcEc
                0x00000000        0xa main.o
 .text._ZN5hwlib6now_usEv
                0x00000000        0x8 main.o
 .rodata._ZTVN5hwlib19_pin_in_dummy_classE
                0x00000000        0xc main.o
 .rodata._ZTVN5hwlib20_pin_out_dummy_classE
                0x00000000        0xc main.o
 .rodata._ZTVN5hwlib23_pin_in_out_dummy_classE
                0x00000000       0x18 main.o
 .rodata._ZTVN5hwlib19_pin_oc_dummy_classE
                0x00000000       0x10 main.o
 .rodata._ZTVN5hwlib20cout_using_uart_putcE
                0x00000000       0x10 main.o
 .rodata._ZTVN5hwlib4lineE
                0x00000000        0xc main.o
 .rodata._ZTVN5hwlib6circleE
                0x00000000        0xc main.o
 .rodata._ZTVN3due7pin_outE
                0x00000000        0xc main.o
 .bss._ZGVZN5hwlib9uart_putcEcE3pin
                0x00000000        0x4 main.o
 .data._ZN5hwlib12pin_in_dummyE
                0x00000000        0x4 main.o
 .data._ZN5hwlib16pin_in_out_dummyE
                0x00000000        0x4 main.o
 .data._ZN5hwlib12pin_oc_dummyE
                0x00000000        0x4 main.o
 .bss._ZZN5hwlib9uart_putcEcE3pin
                0x00000000        0xc main.o
 .bss._ZZN5hwlib4randEvE1n
                0x00000000        0x4 main.o
 .bss._ZZN3due6now_usEvE8last_low
                0x00000000        0x4 main.o
 .rodata.str1.1
                0x00000000       0x17 main.o
 .rodata._ZZN3due11ad_pin_infoENS_7ad_pinsEE17ad_pin_info_array
                0x00000000        0xc main.o
 .data._ZN5hwlib4coutE
                0x00000000       0x14 main.o
 .bss._ZZN3due6now_usEvE4high
                0x00000000        0x8 main.o
 .rodata._ZZN3due8pin_infoENS_4pinsEE14pin_info_array
                0x00000000       0xa4 main.o
 .rodata._ZZN3due11ad_seq_infoEiE12ad_seq_array
                0x00000000       0x70 main.o
 .data._ZN5hwlib13pin_out_dummyE
                0x00000000        0x4 main.o
 .bss._ZZN3due6now_usEvE9init_done
                0x00000000        0x1 main.o
 .text          0x00000000        0x0 bmptk_cortex.o
 .data          0x00000000        0x0 bmptk_cortex.o
 .bss           0x00000000        0x0 bmptk_cortex.o
 .text.__aeabi_idiv0
                0x00000000        0x4 bmptk_cortex.o
 .text.__cxa_pure_virtual
                0x00000000        0x2 bmptk_cortex.o
 COMMON         0x00000000        0x4 bmptk_cortex.o
 .text          0x00000000        0x0 bmptk_heap_none.o
 .data          0x00000000        0x0 bmptk_heap_none.o
 .bss           0x00000000        0x0 bmptk_heap_none.o
 .text.malloc   0x00000000        0xa bmptk_heap_none.o
 .text.free     0x00000000        0x4 bmptk_heap_none.o
 .text          0x00000000        0x0 bmptk_fixed_size_stack.o
 .data          0x00000000        0x0 bmptk_fixed_size_stack.o
 .bss           0x00000000        0x0 bmptk_fixed_size_stack.o
 .data          0x00000000        0x0 c:/program files (x86)/gnu tools arm embedded/5.3 2016q1/bin/../lib/gcc/arm-none-eabi/5.3.1/armv7-m\libgcc.a(_arm_addsubdf3.o)
 .bss           0x00000000        0x0 c:/program files (x86)/gnu tools arm embedded/5.3 2016q1/bin/../lib/gcc/arm-none-eabi/5.3.1/armv7-m\libgcc.a(_arm_addsubdf3.o)
 .data          0x00000000        0x0 c:/program files (x86)/gnu tools arm embedded/5.3 2016q1/bin/../lib/gcc/arm-none-eabi/5.3.1/armv7-m\libgcc.a(_arm_muldivdf3.o)
 .bss           0x00000000        0x0 c:/program files (x86)/gnu tools arm embedded/5.3 2016q1/bin/../lib/gcc/arm-none-eabi/5.3.1/armv7-m\libgcc.a(_arm_muldivdf3.o)
 .data          0x00000000        0x0 c:/program files (x86)/gnu tools arm embedded/5.3 2016q1/bin/../lib/gcc/arm-none-eabi/5.3.1/armv7-m\libgcc.a(_arm_fixdfsi.o)
 .bss           0x00000000        0x0 c:/program files (x86)/gnu tools arm embedded/5.3 2016q1/bin/../lib/gcc/arm-none-eabi/5.3.1/armv7-m\libgcc.a(_arm_fixdfsi.o)
 .text          0x00000000       0x30 c:/program files (x86)/gnu tools arm embedded/5.3 2016q1/bin/../lib/gcc/arm-none-eabi/5.3.1/armv7-m\libgcc.a(_aeabi_uldivmod.o)
 .data          0x00000000        0x0 c:/program files (x86)/gnu tools arm embedded/5.3 2016q1/bin/../lib/gcc/arm-none-eabi/5.3.1/armv7-m\libgcc.a(_aeabi_uldivmod.o)
 .bss           0x00000000        0x0 c:/program files (x86)/gnu tools arm embedded/5.3 2016q1/bin/../lib/gcc/arm-none-eabi/5.3.1/armv7-m\libgcc.a(_aeabi_uldivmod.o)
 .text          0x00000000      0x2ec c:/program files (x86)/gnu tools arm embedded/5.3 2016q1/bin/../lib/gcc/arm-none-eabi/5.3.1/armv7-m\libgcc.a(_udivmoddi4.o)
 .data          0x00000000        0x0 c:/program files (x86)/gnu tools arm embedded/5.3 2016q1/bin/../lib/gcc/arm-none-eabi/5.3.1/armv7-m\libgcc.a(_udivmoddi4.o)
 .bss           0x00000000        0x0 c:/program files (x86)/gnu tools arm embedded/5.3 2016q1/bin/../lib/gcc/arm-none-eabi/5.3.1/armv7-m\libgcc.a(_udivmoddi4.o)
 .ARM.extab     0x00000000        0x0 c:/program files (x86)/gnu tools arm embedded/5.3 2016q1/bin/../lib/gcc/arm-none-eabi/5.3.1/armv7-m\libgcc.a(_udivmoddi4.o)
 .ARM.exidx     0x00000000        0x8 c:/program files (x86)/gnu tools arm embedded/5.3 2016q1/bin/../lib/gcc/arm-none-eabi/5.3.1/armv7-m\libgcc.a(_udivmoddi4.o)
 .text          0x00000000        0x4 c:/program files (x86)/gnu tools arm embedded/5.3 2016q1/bin/../lib/gcc/arm-none-eabi/5.3.1/armv7-m\libgcc.a(_dvmd_tls.o)
 .data          0x00000000        0x0 c:/program files (x86)/gnu tools arm embedded/5.3 2016q1/bin/../lib/gcc/arm-none-eabi/5.3.1/armv7-m\libgcc.a(_dvmd_tls.o)
 .bss           0x00000000        0x0 c:/program files (x86)/gnu tools arm embedded/5.3 2016q1/bin/../lib/gcc/arm-none-eabi/5.3.1/armv7-m\libgcc.a(_dvmd_tls.o)
 .text          0x00000000        0x0 c:/program files (x86)/gnu tools arm embedded/5.3 2016q1/bin/../lib/gcc/arm-none-eabi/5.3.1/../../../../arm-none-eabi/lib/armv7-m\libc.a(lib_a-memset.o)
 .data          0x00000000        0x0 c:/program files (x86)/gnu tools arm embedded/5.3 2016q1/bin/../lib/gcc/arm-none-eabi/5.3.1/../../../../arm-none-eabi/lib/armv7-m\libc.a(lib_a-memset.o)
 .bss           0x00000000        0x0 c:/program files (x86)/gnu tools arm embedded/5.3 2016q1/bin/../lib/gcc/arm-none-eabi/5.3.1/../../../../arm-none-eabi/lib/armv7-m\libc.a(lib_a-memset.o)

Memory Configuration

Name             Origin             Length             Attributes
rom              0x00000000         0x00080000         xr
ram              0x20000000         0x00018000         xrw
nul              0x20000000         0x00000000         xrw
*default*        0x00000000         0xffffffff

Linker script and memory map

LOAD c:/program files (x86)/gnu tools arm embedded/5.3 2016q1/bin/../lib/gcc/arm-none-eabi/5.3.1/armv7-m\libgcc.a
LOAD sonarSensor.o
LOAD guardObject.o
LOAD lcdScreen.o
LOAD distanceMeter.o
LOAD distanceSensors.o
LOAD Radar.o
LOAD main.o
LOAD bmptk_cortex.o
LOAD bmptk_heap_none.o
LOAD bmptk_fixed_size_stack.o
LOAD c:/program files (x86)/gnu tools arm embedded/5.3 2016q1/bin/../lib/gcc/arm-none-eabi/5.3.1/../../../../arm-none-eabi/lib/armv7-m\libstdc++.a
LOAD c:/program files (x86)/gnu tools arm embedded/5.3 2016q1/bin/../lib/gcc/arm-none-eabi/5.3.1/../../../../arm-none-eabi/lib/armv7-m\libm.a
START GROUP
LOAD c:/program files (x86)/gnu tools arm embedded/5.3 2016q1/bin/../lib/gcc/arm-none-eabi/5.3.1/armv7-m\libgcc.a
LOAD c:/program files (x86)/gnu tools arm embedded/5.3 2016q1/bin/../lib/gcc/arm-none-eabi/5.3.1/../../../../arm-none-eabi/lib/armv7-m\libc.a
END GROUP
                0x00000000                __rom_start = ORIGIN (rom)
                0x00080000                __rom_size = LENGTH (rom)
                0x00080000                __rom_end = (__rom_start + __rom_size)
                0x20000000                __ram_start = ORIGIN (ram)
                0x00018000                __ram_size = LENGTH (ram)
                0x20018000                __ram_end = (__ram_start + __ram_size)
                [!provide]                PROVIDE (__rom_start, __rom_start)
                [!provide]                PROVIDE (__rom_size, __rom_size)
                [!provide]                PROVIDE (__rom_end, __rom_end)
                [!provide]                PROVIDE (__ram_start, __ram_start)
                [!provide]                PROVIDE (__ram_size, __ram_size)
                [!provide]                PROVIDE (__ram_end, __ram_end)

.text           0x00000000     0x1620
                0x00000000                . = ALIGN (0x4)
                0x00000000                __text_start = .
                [!provide]                PROVIDE (__text_start, __text_start)
                0x00000000                . = ALIGN (0x4)
 *(.vectors)
 .vectors       0x00000000       0x20 bmptk_cortex.o
                0x00000000                __vectors
                0x00000020                . = ALIGN (0x4)
 *(.text .text.* .gnu.linkonce.t.*)
 .text._ZN3due7pin_out3setEb
                0x00000020        0xe sonarSensor.o
                0x00000020                due::pin_out::set(bool)
 *fill*         0x0000002e        0x2 
 .text._ZN3due8pin_infoENS_4pinsE
                0x00000030       0x20 sonarSensor.o
                0x00000030                due::pin_info(due::pins)
 .text._ZN3due14port_registersEi
                0x00000050       0x48 sonarSensor.o
                0x00000050                due::port_registers(int)
 *fill*         0x00000098        0x8 
 .text._ZN5hwlib7wait_usEi
                0x000000a0       0x28 sonarSensor.o
                0x000000a0                hwlib::wait_us(int)
 .text._ZN5hwlib7wait_msEi
                0x000000c8       0x16 sonarSensor.o
                0x000000c8                hwlib::wait_ms(int)
 *fill*         0x000000de        0x2 
 .text._ZN11sonarSensor10MsDistanceEv
                0x000000e0       0x8c sonarSensor.o
                0x000000e0                sonarSensor::MsDistance()
 .text._ZN11sonarSensorC2ERN3due7pin_outERNS0_6pin_inE
                0x0000016c       0x10 sonarSensor.o
                0x0000016c                sonarSensor::sonarSensor(due::pin_out&, due::pin_in&)
                0x0000016c                sonarSensor::sonarSensor(due::pin_out&, due::pin_in&)
 .text._ZN11sonarSensor14TriggerInRangeEiib
                0x0000017c       0x30 sonarSensor.o
                0x0000017c                sonarSensor::TriggerInRange(int, int, bool)
 .text._ZN9lcdScreen7commandEPi
                0x000001ac       0x5c lcdScreen.o
                0x000001ac                lcdScreen::command(int*)
 .text._ZN9lcdScreen5setupEi
                0x00000208      0x16c lcdScreen.o
                0x00000208                lcdScreen::setup(int)
 .text._ZN9lcdScreen7drawBIGEPA84_i
                0x00000374       0x8a lcdScreen.o
                0x00000374                lcdScreen::drawBIG(int (*) [84])
 .text._ZN9lcdScreen5clearEv
                0x000003fe       0x22 lcdScreen.o
                0x000003fe                lcdScreen::clear()
 .text._ZN9lcdScreenC2ERN3due7pin_outES2_S2_S2_S2_
                0x00000420       0x18 lcdScreen.o
                0x00000420                lcdScreen::lcdScreen(due::pin_out&, due::pin_out&, due::pin_out&, due::pin_out&, due::pin_out&)
                0x00000420                lcdScreen::lcdScreen(due::pin_out&, due::pin_out&, due::pin_out&, due::pin_out&, due::pin_out&)
 .text._ZN5radarC2ER11sonarSensorS1_S1_S1_R9lcdScreenRN3due6pin_inE
                0x00000438       0x14 Radar.o
                0x00000438                radar::radar(sonarSensor&, sonarSensor&, sonarSensor&, sonarSensor&, lcdScreen&, due::pin_in&)
                0x00000438                radar::radar(sonarSensor&, sonarSensor&, sonarSensor&, sonarSensor&, lcdScreen&, due::pin_in&)
 *fill*         0x0000044c        0x4 
 .text._ZN5radar10sonarRadarEii
                0x00000450      0x4e4 Radar.o
                0x00000450                radar::sonarRadar(int, int)
 .text._ZN3due6pin_in3getEv
                0x00000934       0x10 main.o
                0x00000934                due::pin_in::get()
 .text._ZN3due6pin_inC2ENS_4pinsE
                0x00000944       0x34 main.o
                0x00000944                due::pin_in::pin_in(due::pins)
                0x00000944                due::pin_in::pin_in(due::pins)
 .text._ZN3due7pin_outC2ENS_4pinsE
                0x00000978       0x34 main.o
                0x00000978                due::pin_out::pin_out(due::pins)
                0x00000978                due::pin_out::pin_out(due::pins)
 .text.startup.main
                0x000009ac       0xec main.o
                0x000009ac                main
 .text.__startup
                0x00000a98       0x48 bmptk_cortex.o
                0x00000a98                __startup
 .text          0x00000ae0      0x370 c:/program files (x86)/gnu tools arm embedded/5.3 2016q1/bin/../lib/gcc/arm-none-eabi/5.3.1/armv7-m\libgcc.a(_arm_addsubdf3.o)
                0x00000ae0                __aeabi_drsub
                0x00000ae8                __aeabi_dsub
                0x00000ae8                __subdf3
                0x00000aec                __aeabi_dadd
                0x00000aec                __adddf3
                0x00000d64                __floatunsidf
                0x00000d64                __aeabi_ui2d
                0x00000d84                __floatsidf
                0x00000d84                __aeabi_i2d
                0x00000da8                __aeabi_f2d
                0x00000da8                __extendsfdf2
                0x00000de4                __floatundidf
                0x00000de4                __aeabi_ul2d
                0x00000df4                __floatdidf
                0x00000df4                __aeabi_l2d
 .text          0x00000e50      0x424 c:/program files (x86)/gnu tools arm embedded/5.3 2016q1/bin/../lib/gcc/arm-none-eabi/5.3.1/armv7-m\libgcc.a(_arm_muldivdf3.o)
                0x00000e50                __aeabi_dmul
                0x00000e50                __muldf3
                0x000010a4                __divdf3
                0x000010a4                __aeabi_ddiv
 .text          0x00001274       0x50 c:/program files (x86)/gnu tools arm embedded/5.3 2016q1/bin/../lib/gcc/arm-none-eabi/5.3.1/armv7-m\libgcc.a(_arm_fixdfsi.o)
                0x00001274                __aeabi_d2iz
                0x00001274                __fixdfsi
 .text.memset   0x000012c4       0x9c c:/program files (x86)/gnu tools arm embedded/5.3 2016q1/bin/../lib/gcc/arm-none-eabi/5.3.1/../../../../arm-none-eabi/lib/armv7-m\libc.a(lib_a-memset.o)
                0x000012c4                memset
                0x00001360                . = ALIGN (0x4)
 *(.glue_7t .glue_7)
 .glue_7        0x00001360        0x0 linker stubs
 .glue_7t       0x00001360        0x0 linker stubs
                0x00001360                . = ALIGN (0x4)
 *(.rodata .rodata.* .gnu.linkonce.r.*)
 .rodata._ZTVN3due7pin_outE
                0x00001360        0xc sonarSensor.o
                0x00001360                vtable for due::pin_out
 .rodata.str1.1
                0x0000136c       0x17 sonarSensor.o
 .rodata._ZZN3due8pin_infoENS_4pinsEE14pin_info_array
                0x00001383       0xa4 sonarSensor.o
 *fill*         0x00001427        0x1 
 .rodata._ZTV11sonarSensor
                0x00001428        0xc sonarSensor.o
                0x00001428                vtable for sonarSensor
 .rodata        0x00001434      0x1e0 lcdScreen.o
 .rodata._ZTVN3due6pin_inE
                0x00001614        0xc main.o
                0x00001614                vtable for due::pin_in
                0x00001620                . = ALIGN (0x4)
 *(.ARM.extab* .gnu.linkonce.armextab.*)
                0x00001620                . = ALIGN (0x4)
 *(.gcc_except_table)
                0x00001620                . = ALIGN (0x4)
 *(.eh_frame_hdr)
                0x00001620                . = ALIGN (0x4)
 *(.eh_frame)
                0x00001620                . = ALIGN (0x4)
                0x00001620                __text_end = .
                [!provide]                PROVIDE (__text_end, __text_end)

.vfp11_veneer   0x00001620        0x0
 .vfp11_veneer  0x00001620        0x0 linker stubs

.v4_bx          0x00001620        0x0
 .v4_bx         0x00001620        0x0 linker stubs

.iplt           0x00001620        0x0
 .iplt          0x00001620        0x0 sonarSensor.o

.rel.dyn        0x00001620        0x0
 .rel.iplt      0x00001620        0x0 sonarSensor.o

.IF_YOU_SEE_THIS_YOU_HAVE_ONE_OR_MORE_GLOBAL_OBJECT_CONSTRUCTORS
 *(.init)
 *(.preinit_array)
 *(SORT(.init_array.*))
 *(.init_array)
                0x00001620                . = ALIGN (0x4)
                0x00001620                __exidx_start = .
                [!provide]                PROVIDE (__exidx_start, __exidx_start)

.ARM.exidx
 *(.ARM.exidx* .gnu.linkonce.armexidx.*)
                0x00001620                . = ALIGN (0x4)
                0x00001620                __exidx_end = .
                [!provide]                PROVIDE (__exidx_end, __exidx_end)

.bss            0x20000000    0x12000
                0x20000000                . = ALIGN (0x4)
                0x20000000                __stack_start = .
                [!provide]                PROVIDE (__stack_start, __stack_start)
                0x20000000                . = ALIGN (0x4)
 *(.bmptk_stack)
 .bmptk_stack   0x20000000    0x12000 bmptk_fixed_size_stack.o
                0x20000000                bmptk_stack
                0x20012000                . = ALIGN (0x8)
                0x20012000                __main_stack_end = .
                [!provide]                PROVIDE (__main_stack_end, __main_stack_end)
                0x20012000                . = ALIGN (0x4)
                0x20012000                __stack_end = .
                [!provide]                PROVIDE (__stack_end, __stack_end)
                0x20012000                . = ALIGN (0x4)
                0x20012000                __bss_start = .
                [!provide]                PROVIDE (__bss_start, __bss_start)
                0x20012000                . = ALIGN (0x4)
 *(.bss .bss.* .gnu.linkonce.b.*)
                0x20012000                . = ALIGN (0x4)
 *(COMMON)
                0x20012000                . = ALIGN (0x4)
                0x20012000                __bss_end = .
                [!provide]                PROVIDE (__bss_end, __bss_end)

.data           0x20012000        0x0 load address 0x00001620
                0x20012000                . = ALIGN (0x4)
                0x00001620                __data_init_start = LOADADDR (.data)
                [!provide]                PROVIDE (__data_init_start, __data_init_start)
                0x20012000                __data_start = .
                [!provide]                PROVIDE (__data_start, __data_start)
                0x20012000                . = ALIGN (0x4)
 *(.data .data.* .gnu.linkonce.d.*)
                0x20012000                . = ALIGN (0x4)
                0x20012000                __data_end = .
                [!provide]                PROVIDE (__data_end, __data_end)
                0x00001620                __data_init_end = LOADADDR (.data)
                [!provide]                PROVIDE (__data_init_end, __data_init_end)
                0x00000000                PROVIDE (__data_size, (__data_end - __data_start))
                0x00000000                PROVIDE (__data_init_size, __data_size)
                [!provide]                PROVIDE (__data_init_end, (__data_init_start + __data_init_size))

.igot.plt       0x20012000        0x0 load address 0x00001620
 .igot.plt      0x20012000        0x0 sonarSensor.o
                0x20012000                . = ALIGN (0x4)
                0x20012000                __heap_start = .
                [!provide]                PROVIDE (__heap_start, __heap_start)
                0x20012000                . = ALIGN (0x4)
                0x20018000                __heap_end = __ram_end
                [!provide]                PROVIDE (__heap_end, __heap_end)

.stab
 *(.stab)

.stabstr
 *(.stabstr)

.debug
 *(.debug)

.line
 *(.line)

.debug_srcinfo
 *(.debug_srcinfo)

.debug_sfnames
 *(.debug_sfnames)

.debug_aranges
 *(.debug_aranges)

.debug_pubnames
 *(.debug_pubnames)

.debug_info
 *(.debug_info .gnu.linkonce.wi.*)

.debug_abbrev
 *(.debug_abbrev)

.debug_line
 *(.debug_line)

.debug_frame    0x00000000       0x98
 *(.debug_frame)
 .debug_frame   0x00000000       0x2c c:/program files (x86)/gnu tools arm embedded/5.3 2016q1/bin/../lib/gcc/arm-none-eabi/5.3.1/armv7-m\libgcc.a(_aeabi_uldivmod.o)
 .debug_frame   0x0000002c       0x38 c:/program files (x86)/gnu tools arm embedded/5.3 2016q1/bin/../lib/gcc/arm-none-eabi/5.3.1/armv7-m\libgcc.a(_udivmoddi4.o)
 .debug_frame   0x00000064       0x34 c:/program files (x86)/gnu tools arm embedded/5.3 2016q1/bin/../lib/gcc/arm-none-eabi/5.3.1/../../../../arm-none-eabi/lib/armv7-m\libc.a(lib_a-memset.o)

.comment        0x00000000       0x6e
 .comment       0x00000000       0x6e sonarSensor.o
                                 0x6f (size before relaxing)
 .comment       0x0000006e       0x6f guardObject.o
 .comment       0x0000006e       0x6f lcdScreen.o
 .comment       0x0000006e       0x6f distanceMeter.o
 .comment       0x0000006e       0x6f distanceSensors.o
 .comment       0x0000006e       0x6f Radar.o
 .comment       0x0000006e       0x6f main.o
 .comment       0x0000006e       0x6f bmptk_cortex.o
 .comment       0x0000006e       0x6f bmptk_heap_none.o
 .comment       0x0000006e       0x6f bmptk_fixed_size_stack.o

.debug_str
 *(.debug_str)

.debug_loc
 *(.debug_loc)

.debug_macinfo
 *(.debug_macinfo)

.debug_weaknames
 *(.debug_weaknames)

.debug_funcnames
 *(.debug_funcnames)

.debug_typenames
 *(.debug_typenames)

.debug_varnames
 *(.debug_varnames)

.note.gnu.arm.ident
 *(.note.gnu.arm.ident)

.ARM.attributes
                0x00000000       0x33
 *(.ARM.attributes)
 .ARM.attributes
                0x00000000       0x33 sonarSensor.o
 .ARM.attributes
                0x00000033       0x33 guardObject.o
 .ARM.attributes
                0x00000066       0x33 lcdScreen.o
 .ARM.attributes
                0x00000099       0x33 distanceMeter.o
 .ARM.attributes
                0x000000cc       0x33 distanceSensors.o
 .ARM.attributes
                0x000000ff       0x33 Radar.o
 .ARM.attributes
                0x00000132       0x33 main.o
 .ARM.attributes
                0x00000165       0x33 bmptk_cortex.o
 .ARM.attributes
                0x00000198       0x33 bmptk_heap_none.o
 .ARM.attributes
                0x000001cb       0x33 bmptk_fixed_size_stack.o
 .ARM.attributes
                0x000001fe       0x1d c:/program files (x86)/gnu tools arm embedded/5.3 2016q1/bin/../lib/gcc/arm-none-eabi/5.3.1/armv7-m\libgcc.a(_arm_addsubdf3.o)
 .ARM.attributes
                0x0000021b       0x1d c:/program files (x86)/gnu tools arm embedded/5.3 2016q1/bin/../lib/gcc/arm-none-eabi/5.3.1/armv7-m\libgcc.a(_arm_muldivdf3.o)
 .ARM.attributes
                0x00000238       0x1d c:/program files (x86)/gnu tools arm embedded/5.3 2016q1/bin/../lib/gcc/arm-none-eabi/5.3.1/armv7-m\libgcc.a(_arm_fixdfsi.o)
 .ARM.attributes
                0x00000255       0x1d c:/program files (x86)/gnu tools arm embedded/5.3 2016q1/bin/../lib/gcc/arm-none-eabi/5.3.1/armv7-m\libgcc.a(_aeabi_uldivmod.o)
 .ARM.attributes
                0x00000272       0x2d c:/program files (x86)/gnu tools arm embedded/5.3 2016q1/bin/../lib/gcc/arm-none-eabi/5.3.1/armv7-m\libgcc.a(_udivmoddi4.o)
 .ARM.attributes
                0x0000029f       0x1d c:/program files (x86)/gnu tools arm embedded/5.3 2016q1/bin/../lib/gcc/arm-none-eabi/5.3.1/armv7-m\libgcc.a(_dvmd_tls.o)
 .ARM.attributes
                0x000002bc       0x2d c:/program files (x86)/gnu tools arm embedded/5.3 2016q1/bin/../lib/gcc/arm-none-eabi/5.3.1/../../../../arm-none-eabi/lib/armv7-m\libc.a(lib_a-memset.o)

/DISCARD/
 *(.note.GNU-stack)
                [!provide]                PROVIDE (__text_size, (__text_end - __text_start))
                [!provide]                PROVIDE (__exidx_size, (__exidx_end - __exidx_start))
                [!provide]                PROVIDE (__bss_size, (__bss_end - __bss_start))
                [!provide]                PROVIDE (__stack_size, (__stack_end - __stack_start))
                [!provide]                PROVIDE (__heap_size, (__heap_end - __heap_start))
OUTPUT(main.elf elf32-littlearm)
